2026-02-16 02:50:00.009 [info] CLI main {"_":["@","2024.9.11621011"],"diff":false,"merge":false,"add":false,"remove":false,"goto":false,"new-window":false,"reuse-window":false,"wait":false,"help":false,"list-extensions":false,"show-versions":false,"install-extension":["ms-python.python"],"pre-release":false,"update-extensions":false,"version":false,"verbose":false,"status":false,"prof-startup":false,"no-cached-data":false,"prof-v8-extensions":false,"disable-extensions":false,"disable-lcd-text":false,"disable-gpu":false,"disable-chromium-sandbox":false,"sandbox":false,"telemetry":false,"debugRenderer":false,"enable-smoke-test-driver":false,"logExtensionHostCommunication":false,"skip-release-notes":false,"skip-welcome":false,"disable-telemetry":false,"disable-updates":false,"transient":false,"use-inmemory-secretstorage":false,"disable-workspace-trust":false,"disable-crash-reporter":false,"skip-add-to-recently-opened":false,"open-url":false,"file-write":false,"file-chmod":false,"force":false,"do-not-sync":false,"do-not-include-pack-dependencies":false,"trace":false,"trace-memory-infra":false,"preserve-env":false,"force-user-env":false,"force-disable-user-env":false,"open-devtools":false,"disable-gpu-sandbox":false,"__enable-file-policy":false,"enable-coi":false,"enable-rdp-display-tracking":false,"disable-layout-restore":false,"disable-experiments":false,"no-proxy-server":false,"no-sandbox":false,"nolazy":false,"force-renderer-accessibility":false,"ignore-certificate-errors":false,"allow-insecure-localhost":false,"disable-dev-shm-usage":false,"profile-temp":false,"logsPath":"C:\\Users\\Admin\\AppData\\Roaming\\Code\\logs\\20260216T024959"}
2026-02-16 02:50:00.825 [info] Getting Manifest... ms-python.python
2026-02-16 02:50:00.838 [info] Installing extension: ms-python.python {"isMachineScoped":false,"installPreReleaseVersion":false,"donotIncludePackAndDependencies":false,"profileLocation":{"$mid":1,"external":"vscode-userdata:/c%3A/Users/Admin/.vscode/extensions/extensions.json","path":"/c:/Users/Admin/.vscode/extensions/extensions.json","scheme":"vscode-userdata"},"isBuiltin":false,"installGivenVersion":false,"isApplicationScoped":false,"productVersion":{"version":"1.105.1","date":"2025-10-14T22:33:36.618Z"}}
2026-02-16 02:50:01.189 [info] Getting Manifest... ms-python.vscode-pylance
2026-02-16 02:50:01.207 [info] Getting Manifest... ms-python.debugpy
2026-02-16 02:50:02.072 [info] Getting Manifest... ms-python.vscode-python-envs
2026-02-16 02:50:02.088 [info] Installing extension: ms-python.vscode-pylance {"isMachineScoped":false,"installPreReleaseVersion":false,"donotIncludePackAndDependencies":false,"profileLocation":{"$mid":1,"external":"vscode-userdata:/c%3A/Users/Admin/.vscode/extensions/extensions.json","path":"/c:/Users/Admin/.vscode/extensions/extensions.json","scheme":"vscode-userdata"},"isBuiltin":false,"installGivenVersion":false,"isApplicationScoped":false,"productVersion":{"version":"1.105.1","date":"2025-10-14T22:33:36.618Z"},"pinned":false,"context":{"dependecyOrPackExtensionInstall":true}}
2026-02-16 02:50:02.088 [info] Installing extension: ms-python.debugpy {"isMachineScoped":false,"installPreReleaseVersion":false,"donotIncludePackAndDependencies":false,"profileLocation":{"$mid":1,"external":"vscode-userdata:/c%3A/Users/Admin/.vscode/extensions/extensions.json","path":"/c:/Users/Admin/.vscode/extensions/extensions.json","scheme":"vscode-userdata"},"isBuiltin":false,"installGivenVersion":false,"isApplicationScoped":false,"productVersion":{"version":"1.105.1","date":"2025-10-14T22:33:36.618Z"},"pinned":false,"context":{"dependecyOrPackExtensionInstall":true}}
2026-02-16 02:50:02.088 [info] Installing extension: ms-python.vscode-python-envs {"isMachineScoped":false,"installPreReleaseVersion":false,"donotIncludePackAndDependencies":false,"profileLocation":{"$mid":1,"external":"vscode-userdata:/c%3A/Users/Admin/.vscode/extensions/extensions.json","path":"/c:/Users/Admin/.vscode/extensions/extensions.json","scheme":"vscode-userdata"},"isBuiltin":false,"installGivenVersion":false,"isApplicationScoped":false,"productVersion":{"version":"1.105.1","date":"2025-10-14T22:33:36.618Z"},"pinned":false,"context":{"dependecyOrPackExtensionInstall":true}}
2026-02-16 02:50:03.080 [info] Extension signature verification result for ms-python.vscode-python-envs: Success. Internal Code: 0. Executed: true. Duration: 185ms.
2026-02-16 02:50:03.129 [info] Extension signature verification result for ms-python.python: Success. Internal Code: 0. Executed: true. Duration: 242ms.
2026-02-16 02:50:03.188 [info] Extension signature verification result for ms-python.debugpy: Success. Internal Code: 0. Executed: true. Duration: 156ms.
2026-02-16 02:50:03.516 [info] Extracted extension to file:///c%3A/Users/Admin/.vscode/extensions/ms-python.vscode-python-envs-1.12.0-win32-x64: ms-python.vscode-python-envs
2026-02-16 02:50:03.532 [info] Renamed to c:\Users\Admin\.vscode\extensions\ms-python.vscode-python-envs-1.12.0-win32-x64
2026-02-16 02:50:04.544 [info] Extracted extension to file:///c%3A/Users/Admin/.vscode/extensions/ms-python.debugpy-2025.18.0-win32-x64: ms-python.debugpy
2026-02-16 02:50:04.576 [info] Renamed to c:\Users\Admin\.vscode\extensions\ms-python.debugpy-2025.18.0-win32-x64
2026-02-16 02:50:05.178 [info] Extension signature verification result for ms-python.vscode-pylance: Success. Internal Code: 0. Executed: true. Duration: 278ms.
2026-02-16 02:50:07.149 [info] Extracted extension to file:///c%3A/Users/Admin/.vscode/extensions/ms-python.python-2026.0.0-win32-x64: ms-python.python
2026-02-16 02:50:07.352 [info] Renamed to c:\Users\Admin\.vscode\extensions\ms-python.python-2026.0.0-win32-x64
2026-02-16 02:50:16.155 [info] Extracted extension to file:///c%3A/Users/Admin/.vscode/extensions/ms-python.vscode-pylance-2025.10.4: ms-python.vscode-pylance
2026-02-16 02:50:16.743 [info] Renamed to c:\Users\Admin\.vscode\extensions\ms-python.vscode-pylance-2025.10.4
2026-02-16 02:50:16.769 [info] Extension installed successfully: ms-python.vscode-python-envs vscode-userdata:/c%3A/Users/Admin/.vscode/extensions/extensions.json
2026-02-16 02:50:16.769 [info] Extension installed successfully: ms-python.debugpy vscode-userdata:/c%3A/Users/Admin/.vscode/extensions/extensions.json
2026-02-16 02:50:16.769 [info] Extension installed successfully: ms-python.python vscode-userdata:/c%3A/Users/Admin/.vscode/extensions/extensions.json
2026-02-16 02:50:16.769 [info] Extension installed successfully: ms-python.vscode-pylance vscode-userdata:/c%3A/Users/Admin/.vscode/extensions/extensions.json
