2026-02-16 02:49:16.941 [info] CLI main {"_":["@","2024.6.2024060601"],"diff":false,"merge":false,"add":false,"remove":false,"goto":false,"new-window":false,"reuse-window":false,"wait":false,"help":false,"list-extensions":false,"show-versions":false,"install-extension":["ms-toolsai.jupyter"],"pre-release":false,"update-extensions":false,"version":false,"verbose":false,"status":false,"prof-startup":false,"no-cached-data":false,"prof-v8-extensions":false,"disable-extensions":false,"disable-lcd-text":false,"disable-gpu":false,"disable-chromium-sandbox":false,"sandbox":false,"telemetry":false,"debugRenderer":false,"enable-smoke-test-driver":false,"logExtensionHostCommunication":false,"skip-release-notes":false,"skip-welcome":false,"disable-telemetry":false,"disable-updates":false,"transient":false,"use-inmemory-secretstorage":false,"disable-workspace-trust":false,"disable-crash-reporter":false,"skip-add-to-recently-opened":false,"open-url":false,"file-write":false,"file-chmod":false,"force":false,"do-not-sync":false,"do-not-include-pack-dependencies":false,"trace":false,"trace-memory-infra":false,"preserve-env":false,"force-user-env":false,"force-disable-user-env":false,"open-devtools":false,"disable-gpu-sandbox":false,"__enable-file-policy":false,"enable-coi":false,"enable-rdp-display-tracking":false,"disable-layout-restore":false,"disable-experiments":false,"no-proxy-server":false,"no-sandbox":false,"nolazy":false,"force-renderer-accessibility":false,"ignore-certificate-errors":false,"allow-insecure-localhost":false,"disable-dev-shm-usage":false,"profile-temp":false,"logsPath":"C:\\Users\\Admin\\AppData\\Roaming\\Code\\logs\\20260216T024916"}
2026-02-16 02:49:16.956 [info] Started initializing default profile extensions in extensions installation folder. file:///c%3A/Users/Admin/.vscode/extensions
2026-02-16 02:49:17.078 [info] Completed initializing default profile extensions in extensions installation folder. file:///c%3A/Users/Admin/.vscode/extensions
2026-02-16 02:49:17.781 [info] Getting Manifest... ms-toolsai.jupyter
2026-02-16 02:49:17.798 [info] Installing extension: ms-toolsai.jupyter {"isMachineScoped":false,"installPreReleaseVersion":false,"donotIncludePackAndDependencies":false,"profileLocation":{"$mid":1,"external":"vscode-userdata:/c%3A/Users/Admin/.vscode/extensions/extensions.json","path":"/c:/Users/Admin/.vscode/extensions/extensions.json","scheme":"vscode-userdata"},"isBuiltin":false,"installGivenVersion":false,"isApplicationScoped":false,"productVersion":{"version":"1.105.1","date":"2025-10-14T22:33:36.618Z"}}
2026-02-16 02:49:18.263 [info] Getting Manifest... ms-toolsai.vscode-jupyter-cell-tags
2026-02-16 02:49:18.292 [info] Getting Manifest... ms-toolsai.jupyter-renderers
2026-02-16 02:49:18.303 [info] Getting Manifest... ms-toolsai.vscode-jupyter-slideshow
2026-02-16 02:49:18.311 [info] Getting Manifest... ms-toolsai.jupyter-keymap
2026-02-16 02:49:18.321 [info] Installing extension: ms-toolsai.vscode-jupyter-cell-tags {"isMachineScoped":false,"installPreReleaseVersion":false,"donotIncludePackAndDependencies":false,"profileLocation":{"$mid":1,"external":"vscode-userdata:/c%3A/Users/Admin/.vscode/extensions/extensions.json","path":"/c:/Users/Admin/.vscode/extensions/extensions.json","scheme":"vscode-userdata"},"isBuiltin":false,"installGivenVersion":false,"isApplicationScoped":false,"productVersion":{"version":"1.105.1","date":"2025-10-14T22:33:36.618Z"},"pinned":false,"context":{"dependecyOrPackExtensionInstall":true}}
2026-02-16 02:49:18.321 [info] Installing extension: ms-toolsai.jupyter-renderers {"isMachineScoped":false,"installPreReleaseVersion":false,"donotIncludePackAndDependencies":false,"profileLocation":{"$mid":1,"external":"vscode-userdata:/c%3A/Users/Admin/.vscode/extensions/extensions.json","path":"/c:/Users/Admin/.vscode/extensions/extensions.json","scheme":"vscode-userdata"},"isBuiltin":false,"installGivenVersion":false,"isApplicationScoped":false,"productVersion":{"version":"1.105.1","date":"2025-10-14T22:33:36.618Z"},"pinned":false,"context":{"dependecyOrPackExtensionInstall":true}}
2026-02-16 02:49:18.321 [info] Installing extension: ms-toolsai.vscode-jupyter-slideshow {"isMachineScoped":false,"installPreReleaseVersion":false,"donotIncludePackAndDependencies":false,"profileLocation":{"$mid":1,"external":"vscode-userdata:/c%3A/Users/Admin/.vscode/extensions/extensions.json","path":"/c:/Users/Admin/.vscode/extensions/extensions.json","scheme":"vscode-userdata"},"isBuiltin":false,"installGivenVersion":false,"isApplicationScoped":false,"productVersion":{"version":"1.105.1","date":"2025-10-14T22:33:36.618Z"},"pinned":false,"context":{"dependecyOrPackExtensionInstall":true}}
2026-02-16 02:49:18.321 [info] Installing extension: ms-toolsai.jupyter-keymap {"isMachineScoped":false,"installPreReleaseVersion":false,"donotIncludePackAndDependencies":false,"profileLocation":{"$mid":1,"external":"vscode-userdata:/c%3A/Users/Admin/.vscode/extensions/extensions.json","path":"/c:/Users/Admin/.vscode/extensions/extensions.json","scheme":"vscode-userdata"},"isBuiltin":false,"installGivenVersion":false,"isApplicationScoped":false,"productVersion":{"version":"1.105.1","date":"2025-10-14T22:33:36.618Z"},"pinned":false,"context":{"dependecyOrPackExtensionInstall":true}}
2026-02-16 02:49:19.203 [info] Extension signature verification result for ms-toolsai.vscode-jupyter-slideshow: Success. Internal Code: 0. Executed: true. Duration: 222ms.
2026-02-16 02:49:19.205 [info] Extension signature verification result for ms-toolsai.vscode-jupyter-cell-tags: Success. Internal Code: 0. Executed: true. Duration: 230ms.
2026-02-16 02:49:19.207 [info] Extension signature verification result for ms-toolsai.jupyter-keymap: Success. Internal Code: 0. Executed: true. Duration: 269ms.
2026-02-16 02:49:19.256 [info] Extracted extension to file:///c%3A/Users/Admin/.vscode/extensions/ms-toolsai.jupyter-keymap-1.1.2: ms-toolsai.jupyter-keymap
2026-02-16 02:49:19.267 [info] Renamed to c:\Users\Admin\.vscode\extensions\ms-toolsai.jupyter-keymap-1.1.2
2026-02-16 02:49:19.305 [info] Extracted extension to file:///c%3A/Users/Admin/.vscode/extensions/ms-toolsai.vscode-jupyter-slideshow-0.1.6: ms-toolsai.vscode-jupyter-slideshow
2026-02-16 02:49:19.308 [info] Extension signature verification result for ms-toolsai.jupyter-renderers: Success. Internal Code: 0. Executed: true. Duration: 290ms.
2026-02-16 02:49:19.308 [info] Extension signature verification result for ms-toolsai.jupyter: Success. Internal Code: 0. Executed: true. Duration: 280ms.
2026-02-16 02:49:19.315 [info] Renamed to c:\Users\Admin\.vscode\extensions\ms-toolsai.vscode-jupyter-slideshow-0.1.6
2026-02-16 02:49:19.331 [info] Extracted extension to file:///c%3A/Users/Admin/.vscode/extensions/ms-toolsai.vscode-jupyter-cell-tags-0.1.9: ms-toolsai.vscode-jupyter-cell-tags
2026-02-16 02:49:19.345 [info] Renamed to c:\Users\Admin\.vscode\extensions\ms-toolsai.vscode-jupyter-cell-tags-0.1.9
2026-02-16 02:49:19.836 [info] Extracted extension to file:///c%3A/Users/Admin/.vscode/extensions/ms-toolsai.jupyter-renderers-1.3.0: ms-toolsai.jupyter-renderers
2026-02-16 02:49:19.848 [info] Renamed to c:\Users\Admin\.vscode\extensions\ms-toolsai.jupyter-renderers-1.3.0
2026-02-16 02:49:20.019 [info] Extracted extension to file:///c%3A/Users/Admin/.vscode/extensions/ms-toolsai.jupyter-2025.9.1-win32-x64: ms-toolsai.jupyter
2026-02-16 02:49:20.048 [info] Renamed to c:\Users\Admin\.vscode\extensions\ms-toolsai.jupyter-2025.9.1-win32-x64
2026-02-16 02:49:20.073 [info] Extension installed successfully: ms-toolsai.jupyter-keymap vscode-userdata:/c%3A/Users/Admin/.vscode/extensions/extensions.json
2026-02-16 02:49:20.073 [info] Extension installed successfully: ms-toolsai.vscode-jupyter-slideshow vscode-userdata:/c%3A/Users/Admin/.vscode/extensions/extensions.json
2026-02-16 02:49:20.073 [info] Extension installed successfully: ms-toolsai.vscode-jupyter-cell-tags vscode-userdata:/c%3A/Users/Admin/.vscode/extensions/extensions.json
2026-02-16 02:49:20.073 [info] Extension installed successfully: ms-toolsai.jupyter-renderers vscode-userdata:/c%3A/Users/Admin/.vscode/extensions/extensions.json
2026-02-16 02:49:20.073 [info] Extension installed successfully: ms-toolsai.jupyter vscode-userdata:/c%3A/Users/Admin/.vscode/extensions/extensions.json
